// Jest Snapshot v1, https://goo.gl/fbAQLP

exports[`renders correctly 1`] = `
<div>
  <p>
    Error: Page does not exist!
  </p>
</div>
`;
