// Jest Snapshot v1, https://goo.gl/fbAQLP

exports[`Error404 renders correctly 1`] = `
<div
  className="text-div"
>
  <p>
    Oops, this page does not exist! 
    <a
      href="/"
      onClick={[Function]}
    >
      Back to Home
    </a>
  </p>
</div>
`;
