// Jest Snapshot v1, https://goo.gl/fbAQLP

exports[`Projects renders correctly 1`] = `
<div>
  <div
    className="text-div top-margin bottom-margin"
  >
    <a
      className="link"
      href="/projects/spacetimeglobe"
      onClick={[Function]}
    >
      <div
        className="project-box"
      >
        <img
          alt="spacetime globe"
          className="thumbnail"
          src="spacetime_globe.png"
        />
        <div
          className="project-text"
        >
          <div
            className="project-title"
          >
            Spacetime Globe
          </div>
          This interactive visualization allows you to play around with Lorentz transformations to really get a feel for how special relativity works. Add events onto the spacetime diagram and see how shifting the reference reference frame affects them!
        </div>
      </div>
    </a>
  </div>
  <div
    className="text-div top-margin bottom-margin"
  >
    <a
      className="link"
      href="/projects/explodegifcreator"
      onClick={[Function]}
    >
      <div
        className="project-box"
      >
        <img
          alt="explode gif creator"
          className="thumbnail"
          src="exploding_alphago.jpg"
        />
        <div
          className="project-text"
        >
          <div
            className="project-title"
          >
            Explode Gif Creator
          </div>
          This tool allows you to turn an image into an exploding gif, which can then be turned into an emoji!
        </div>
      </div>
    </a>
  </div>
</div>
`;
